
> agi-agent-automation@1.0.0 build
> vite build

[36mvite v5.4.20 [32mbuilding for production...[36m[39m
transforming...
[32m✓[39m 3081 modules transformed.
rendering chunks...
[1m[33m[plugin:vite:reporter][39m[22m [33m[plugin vite:reporter] 
(!) C:/Users/SIDDHARTHA NAGULA/Desktop/agi/agiagentautomation/src/services/ai-chat-service.ts is dynamically imported by C:/Users/SIDDHARTHA NAGULA/Desktop/agi/agiagentautomation/src/services/web-search-service.ts but also statically imported by C:/Users/SIDDHARTHA NAGULA/Desktop/agi/agiagentautomation/src/pages/chat/ChatPage.tsx, C:/Users/SIDDHARTHA NAGULA/Desktop/agi/agiagentautomation/src/pages/chat/ChatPageEnhanced.tsx, dynamic import will not move module into another chunk.
[39m
computing gzip size...
[2mdist/[22m[32mindex.html                       [39m[1m[2m    1.01 kB[22m[1m[22m[2m │ gzip:   0.46 kB[22m
[2mdist/[22m[35massets/index-EFNpDfVo.css        [39m[1m[2m  117.18 kB[22m[1m[22m[2m │ gzip:  19.08 kB[22m
[2mdist/[22m[36massets/utils-BpTu9-Oi.js         [39m[1m[2m    8.02 kB[22m[1m[22m[2m │ gzip:   3.17 kB[22m
[2mdist/[22m[36massets/router-BQ3OIbHA.js        [39m[1m[2m   21.59 kB[22m[1m[22m[2m │ gzip:   7.91 kB[22m
[2mdist/[22m[36massets/ui-DJ08B0Sl.js            [39m[1m[2m   80.71 kB[22m[1m[22m[2m │ gzip:  26.37 kB[22m
[2mdist/[22m[36massets/supabase-88XQXFc6.js      [39m[1m[2m  131.65 kB[22m[1m[22m[2m │ gzip:  34.57 kB[22m
[2mdist/[22m[36massets/react-vendor-Cv4Hric0.js  [39m[1m[2m  140.28 kB[22m[1m[22m[2m │ gzip:  45.00 kB[22m
[2mdist/[22m[36massets/index-D3Y4OefW.js         [39m[1m[33m1,203.33 kB[39m[22m[2m │ gzip: 314.58 kB[22m
[33m
(!) Some chunks are larger than 1000 kB after minification. Consider:
- Using dynamic import() to code-split the application
- Use build.rollupOptions.output.manualChunks to improve chunking: https://rollupjs.org/configuration-options/#output-manualchunks
- Adjust chunk size limit for this warning via build.chunkSizeWarningLimit.[39m
[32m✓ built in 23.38s[39m
